0 0.104377
100 0.040338
200 0.040145
300 0.039745
400 0.039155
500 0.038485
600 0.037734
700 0.036905
800 0.036760
900 0.037095
1000 0.037231
1100 0.036913
1200 0.036564
1300 0.036337
1400 0.036121
1500 0.035929
1600 0.035760
1700 0.035607
1800 0.035470
1900 0.035347
2000 0.035234
2100 0.035130
2200 0.035035
2300 0.034948
2400 0.034867
2500 0.034791
2600 0.034721
2700 0.034655
2800 0.034592
2900 0.034534
3000 0.034478
3100 0.034425
3200 0.034375
3300 0.034327
3400 0.034281
3500 0.034237
3600 0.034195
3700 0.034155
3800 0.034116
3900 0.034078
4000 0.034042
4100 0.034007
4200 0.033973
4300 0.033941
4400 0.033909
4500 0.033879
4600 0.033849
4700 0.033820
4800 0.033793
4900 0.033766

4999 0.033754
